exports[`<UserProfile /> should render with default props 1`] = `
<Section
  pad={
    Object {
      "vertical": "medium"
    }
  }>
  <Box
    align="center"
    announce={false}
    direction="column"
    focusable={true}
    justify="center"
    pad={
      Object {
        "horizontal": "large",
        "vertical": "large"
      }
    }
    responsive={true}
    tag="div">
    <Article
      direction="column"
      pad="none">
      <Heading
        align="center"
        tag="h2">
        Hello, undefined!
      </Heading>
      <Section
        align="center"
        justify="center"
        pad={
          Object {
            "vertical": "medium"
          }
        }>
        <undefined
          children={
            <img
              className={undefined}
              src="http://bit.ly/2dqCGdd" />
          }
          isEditing={false}
          name="avatar"
          onClickToEdit={[Function mockFn]}
          onEdit={[Function mockFn]}
          value={undefined} />
      </Section>
      <undefined
        children={
          <function Paragraph() {
              (0, _classCallCheck3.default)(this, Paragraph);
              return (0, _possibleConstructorReturn3.default)(this, (Paragraph.__proto__ || (0, _getPrototypeOf2.default)(Paragraph)).apply(this, arguments));
            }
            className="undefined undefined">
            Click to add a bio.
          </function Paragraph() {
              (0, _classCallCheck3.default)(this, Paragraph);
              return (0, _possibleConstructorReturn3.default)(this, (Paragraph.__proto__ || (0, _getPrototypeOf2.default)(Paragraph)).apply(this, arguments));
            }>
        }
        isEditing={false}
        name="bio"
        onClickToEdit={[Function mockFn]}
        onEdit={[Function mockFn]}
        value={undefined} />
      <undefined
        children={
          <function Paragraph() {
              (0, _classCallCheck3.default)(this, Paragraph);
              return (0, _possibleConstructorReturn3.default)(this, (Paragraph.__proto__ || (0, _getPrototypeOf2.default)(Paragraph)).apply(this, arguments));
            }
            className={undefined}>
            Click to add a employer.
          </function Paragraph() {
              (0, _classCallCheck3.default)(this, Paragraph);
              return (0, _possibleConstructorReturn3.default)(this, (Paragraph.__proto__ || (0, _getPrototypeOf2.default)(Paragraph)).apply(this, arguments));
            }>
        }
        isEditing={false}
        name="employer"
        onClickToEdit={[Function mockFn]}
        onEdit={[Function mockFn]}
        value={undefined} />
      <undefined
        children={
          <function Heading() {
              (0, _classCallCheck3.default)(this, Heading);
              return (0, _possibleConstructorReturn3.default)(this, (Heading.__proto__ || (0, _getPrototypeOf2.default)(Heading)).apply(this, arguments));
            }
            align="center"
            className={undefined}
            tag="h3" />
        }
        isEditing={false}
        name="email"
        onClickToEdit={[Function mockFn]}
        onEdit={[Function mockFn]}
        value={undefined} />
    </Article>
    <Article
      direction="column"
      pad="none">
      <Section
        align="center"
        justify="center"
        pad={
          Object {
            "vertical": "medium"
          }
        }>
        <Heading
          tag="h2">
          Event History
        </Heading>
        <Box
          announce={false}
          direction="column"
          focusable={true}
          pad="none"
          responsive={true}
          tag="div">
          <Heading
            tag="h3">
            No Events Created Yet
          </Heading>
          <Button
            href="/create-event"
            label="Create One"
            type="button" />
        </Box>
      </Section>
    </Article>
  </Box>
</Section>
`;
