exports[`<UserProfile /> should render with default props 1`] = `
<Section
  className={undefined}
  pad={
    Object {
      "vertical": "medium"
    }
  }>
  <Box
    align="center"
    announce={false}
    direction="column"
    focusable={true}
    justify="center"
    pad={
      Object {
        "horizontal": "large",
        "vertical": "large"
      }
    }
    responsive={true}
    tag="div">
    <Article
      className={undefined}
      direction="column"
      pad="none">
      <Heading
        align="center"
        tag="h2">
        Hello, undefined!
      </Heading>
      <Section
        align="center"
        className={undefined}
        justify="center"
        pad="none">
        <undefined
          altName="avatar"
          autoFocus={true}
          isEditing={false}
          name="photo"
          onClickToEdit={[Function mockFn]}
          onEdit={[Function mockFn]}
          placeholder="http://github.com/avatar.png"
          type="url"
          value="">
          <img
            className={undefined}
            src="http://bit.ly/2dqCGdd" />
        </undefined>
      </Section>
      <undefined
        isEditing={false}
        name="bio"
        onClickToEdit={[Function mockFn]}
        onEdit={[Function mockFn]}
        placeholder="Hi, I\'m Bill and I used to be the president."
        value="">
        <Paragraph
          className="undefined undefined">
          Click to add a bio.
        </Paragraph>
      </undefined>
      <undefined
        altName="employer"
        isEditing={false}
        name="organization"
        onClickToEdit={[Function mockFn]}
        onEdit={[Function mockFn]}
        placeholder="Udacity"
        value="">
        <Paragraph
          className={undefined}>
          Click to add a employer.
        </Paragraph>
      </undefined>
      <undefined
        isEditing={false}
        name="email"
        onClickToEdit={[Function mockFn]}
        onEdit={[Function mockFn]}
        placeholder="bill@clinton.com"
        type="email"
        value="">
        <Heading
          align="center"
          className={undefined}
          tag="h3" />
      </undefined>
    </Article>
    <Article
      className={undefined}
      direction="column"
      pad="none">
      <Section
        align="center"
        justify="center"
        pad={
          Object {
            "vertical": "medium"
          }
        }>
        <Heading
          tag="h2">
          Event History
        </Heading>
        <Box
          announce={false}
          direction="column"
          focusable={true}
          pad="none"
          responsive={true}
          tag="div">
          <Heading
            tag="h3">
            No Events Created Yet
          </Heading>
          <Button
            href="/create-event"
            label="Create One"
            type="button" />
        </Box>
      </Section>
    </Article>
  </Box>
</Section>
`;
