exports[`<AppFooter /> should render with default props 1`] = `
<Footer
  className={undefined}
  direction="row"
  responsive={false}>
  <Box
    align="center"
    announce={false}
    className={undefined}
    direction="column"
    focusable={true}
    pad={
      Object {
        "vertical": "large"
      }
    }
    responsive={true}
    tag="div">
    <Heading
      tag="h3">
      <Anchor
        href="http://meetup-event-planner.herokuapp.com/"
        tag="a">
        Meetup Event Planner
      </Anchor>
    </Heading>
    <Heading
      tag="h5">
      Made with ♥️ by
      <Anchor
        href="http://www.ryancollins.io"
        tag="a">
         Ryan Collins
      </Anchor>
    </Heading>
  </Box>
</Footer>
`;
