exports[`<Navbar /> should render with default props 1`] = `
<div
  className={undefined}>
  <Header
    align="center"
    direction="row"
    justify="between"
    pad={
      Object {
        "between": "small",
        "horizontal": "none",
        "vertical": "none"
      }
    }
    responsive={false}>
    <Title
      responsive={true}>
      <Anchor
        href="/"
        tag="a">
        <img
          alt="logo"
          className={undefined}
          src={Object {}} />
      </Anchor>
    </Title>
    <Menu
      align="center"
      className={undefined}
      closeOnClick={true}
      direction="row"
      dropAlign={
        Object {
          "left": "left",
          "top": "top"
        }
      }
      pad="none"
      responsive={true}>
      <Anchor
        className={undefined}
        href="/events"
        tag="a">
        Events
      </Anchor>
      <span>
        <Anchor
          className={undefined}
          href="/login"
          tag="a">
          Login
        </Anchor>
        <Anchor
          className={undefined}
          href="/signup"
          tag="a">
          Signup
        </Anchor>
      </span>
    </Menu>
  </Header>
</div>
`;
