exports[`<Navbar /> should render with default props 1`] = `
<div>
  <Header
    align="center"
    direction="row"
    justify="between"
    pad={
      Object {
        "between": "small",
        "horizontal": "none",
        "vertical": "none"
      }
    }
    responsive={false}>
    <Title
      responsive={true}>
      <Anchor
        href="/"
        tag="a">
        <img
          alt="logo"
          src={Object {}} />
      </Anchor>
    </Title>
    <Menu
      align="center"
      closeOnClick={true}
      direction="row"
      dropAlign={
        Object {
          "left": "left",
          "top": "top"
        }
      }
      pad="none"
      responsive={false}>
      <Anchor
        className="active"
        href="/events"
        tag="a">
        Events
      </Anchor>
      <span>
        <Anchor
          className="active"
          href="/login"
          tag="a">
          Login
        </Anchor>
         / 
        <Anchor
          className="active"
          href="/signup"
          tag="a">
          Signup
        </Anchor>
      </span>
    </Menu>
  </Header>
</div>
`;
