exports[`<SignupForm /> should render with default props 1`] = `
<Box
  announce={false}
  className={undefined}
  direction="column"
  focusable={true}
  pad={
    Object {
      "horizontal": "large"
    }
  }
  responsive={true}
  tag="div">
  <Form
    compact={false}
    fill={false}
    pad="none">
    <Heading
      align="center"
      strong={true}
      tag="h1">
      Meetup Event Planner
    </Heading>
    <Heading
      align="center"
      tag="h5">
      Signup
    </Heading>
    <undefined
      isShowing={true}
      onClose={[Function onPasswordBlur]}>
      <Box
        announce={false}
        direction="column"
        focusable={true}
        pad="none"
        responsive={true}
        size="medium"
        tag="div">
        <Heading
          align="center"
          tag="h4">
          Secure Password Tips
        </Heading>
        <Heading
          align="center"
          tag="h5">
          Password must have at least
        </Heading>
        <ul>
          <li>
            <Paragraph
              className={undefined}>
              1. Eight characters total
            </Paragraph>
          </li>
          <li>
            <Paragraph
              className={undefined}>
              2. One uppercase character
            </Paragraph>
          </li>
          <li>
            <Paragraph
              className={undefined}>
              3. One special character
            </Paragraph>
          </li>
          <li>
            <Paragraph
              className={undefined}>
              4. One numerical character
            </Paragraph>
          </li>
        </ul>
      </Box>
    </undefined>
    <FormFields>
      <FormField
        className={undefined}
        error="value Required"
        help="What should we call you?"
        htmlFor="nameInput"
        label="Name *"
        size="medium"
        strong={false}>
        <input
          active={false}
          aria-invalid="value Required"
          aria-required={true}
          autoComplete="on"
          autoFocus={true}
          autofilled={false}
          className={undefined}
          dirty={false}
          error="value Required"
          id="nameInput"
          initialValue=""
          invalid={true}
          name="name"
          placeholder="Bill Clinton"
          pristine={true}
          required={true}
          touched={true}
          type="text"
          valid={false}
          value=""
          visited={true} />
      </FormField>
      <FormField
        className={undefined}
        error={null}
        help="How should we get in touch with you?"
        htmlFor="emailInput"
        label="Email *"
        size="medium"
        strong={false}>
        <input
          active={false}
          aria-invalid="value Required"
          aria-required={true}
          autoComplete="on"
          autofilled={false}
          className={undefined}
          dirty={false}
          error="value Required"
          id="emailInput"
          initialValue=""
          invalid={true}
          name="email"
          placeholder="bill@clinton.com"
          pristine={true}
          required={true}
          touched={false}
          type="email"
          valid={false}
          value=""
          visited={false} />
      </FormField>
      <FormField
        className={undefined}
        error={null}
        help="Start typing for password tips"
        htmlFor="passwordInput"
        label="Password *"
        size="medium"
        strong={false}>
        <input
          active={false}
          aria-invalid="value Required"
          aria-required={true}
          autoComplete="off"
          autofilled={false}
          className={undefined}
          dirty={false}
          error="value Required"
          id="passwordInput"
          initialValue=""
          invalid={true}
          name="password"
          onBlur={[Function onPasswordBlur]}
          onClick={[Function onPasswordFocus]}
          onFocus={[Function onPasswordFocus]}
          pristine={true}
          required={true}
          touched={false}
          type="password"
          valid={false}
          value=""
          visited={false} />
      </FormField>
      <FormField
        className={undefined}
        error={null}
        help="Confirm your password"
        htmlFor="passwordConfirmationInput"
        label="Password Confirmation *"
        size="medium"
        strong={false}>
        <input
          active={false}
          aria-invalid="value Required"
          aria-required={true}
          autofilled={false}
          className={undefined}
          dirty={false}
          error="value Required"
          id="passwordConfirmationInput"
          initialValue=""
          invalid={true}
          name="password"
          pristine={true}
          required={true}
          touched={false}
          type="password"
          valid={false}
          value=""
          visited={false} />
      </FormField>
      <FormField
        className={undefined}
        help="Optional Bio for Profile"
        htmlFor="bio-input"
        label="Bio"
        size="medium"
        strong={false}>
        <textarea
          active={false}
          autoComplete="off"
          autofilled={false}
          cols="40"
          dirty={false}
          id="bio-input"
          initialValue=""
          invalid={false}
          name="bio"
          placeholder="Hi, my name is Bill. I used to be the president of the US.  Vote for Hillary."
          pristine={true}
          rows="3"
          touched={false}
          type="text"
          valid={true}
          value=""
          visited={false} />
      </FormField>
      <FormField
        className={undefined}
        help="Optional Employer Field"
        htmlFor="bio-input"
        label="Employer"
        size="medium"
        strong={false}>
        <input
          active={false}
          aria-invalid={undefined}
          aria-required={false}
          autoComplete="on"
          autofilled={false}
          dirty={false}
          id="employer-input"
          initialValue=""
          invalid={false}
          name="organization"
          placeholder="Udacity"
          pristine={true}
          touched={false}
          type="text"
          valid={true}
          value=""
          visited={false} />
      </FormField>
    </FormFields>
    <Footer
      align="center"
      direction="row"
      pad={
        Object {
          "vertical": "medium"
        }
      }
      responsive={false}>
      <Button
        fill={true}
        label="Submit"
        onClick={null}
        primary={true}
        type="button" />
    </Footer>
    <undefined
      link="/login"
      text="Already a member?" />
  </Form>
</Box>
`;
