exports[`<EditableField /> should render with default props 1`] = `
<Section
  align="center"
  justify="center"
  pad={
    Object {
      "vertical": "medium"
    }
  }>
  <Box
    announce={false}
    direction="column"
    focusable={true}
    onClick={[Function onClickToEdit]}
    pad="none"
    responsive={true}
    tag="div">
    <div>
      Hi
    </div>
  </Box>
</Section>
`;
